
========== STEP 3: LIVE TRANSACTION TEST ==========
ERROR: SQLSTATE[42S22]: Column not found: 1054 Unknown column 'tenant_id' in 'where clause' (Connection: mysql, SQL: select * from `users` where `tenant_id` = 4 limit 1)
#0 D:\AMD POS\vendor\laravel\framework\src\Illuminate\Database\Connection.php(780): Illuminate\Database\Connection->runQueryCallback('select * from `...', Array, Object(Closure))
#1 D:\AMD POS\vendor\laravel\framework\src\Illuminate\Database\Connection.php(397): Illuminate\Database\Connection->run('select * from `...', Array, Object(Closure))
#2 D:\AMD POS\vendor\laravel\framework\src\Illuminate\Database\Query\Builder.php(3188): Illuminate\Database\Connection->select('select * from `...', Array, true)
#3 D:\AMD POS\vendor\laravel\framework\src\Illuminate\Database\Query\Builder.php(3173): Illuminate\Database\Query\Builder->runSelect()
#4 D:\AMD POS\vendor\laravel\framework\src\Illuminate\Database\Query\Builder.php(3763): Illuminate\Database\Query\Builder->Illuminate\Database\Query\{closure}()
#5 D:\AMD POS\vendor\laravel\framework\src\Illuminate\Database\Query\Builder.php(3172): Illuminate\Database\Query\Builder->onceWithColumns(Array, Object(Closure))
#6 D:\AMD POS\vendor\laravel\framework\src\Illuminate\Database\Eloquent\Builder.php(902): Illuminate\Database\Query\Builder->get(Array)
#7 D:\AMD POS\vendor\laravel\framework\src\Illuminate\Database\Eloquent\Builder.php(884): Illuminate\Database\Eloquent\Builder->getModels(Array)
#8 D:\AMD POS\vendor\laravel\framework\src\Illuminate\Database\Concerns\BuildsQueries.php(366): Illuminate\Database\Eloquent\Builder->get(Array)
#9 D:\AMD POS\test_suite.php(22): Illuminate\Database\Eloquent\Builder->first()
#10 {main}
========== STEP 5: ROUTES OUTSIDE AUTH ==========
GET|HEAD   horizon/api/stats [horizon,Laravel\Horizon\Http\Middleware\Authenticate]
GET|HEAD   horizon/api/workload [horizon,Laravel\Horizon\Http\Middleware\Authenticate]
GET|HEAD   horizon/api/masters [horizon,Laravel\Horizon\Http\Middleware\Authenticate]
GET|HEAD   horizon/api/monitoring [horizon,Laravel\Horizon\Http\Middleware\Authenticate]
POST       horizon/api/monitoring [horizon,Laravel\Horizon\Http\Middleware\Authenticate]
GET|HEAD   horizon/api/monitoring/{tag} [horizon,Laravel\Horizon\Http\Middleware\Authenticate]
DELETE     horizon/api/monitoring/{tag} [horizon,Laravel\Horizon\Http\Middleware\Authenticate]
GET|HEAD   horizon/api/metrics/jobs [horizon,Laravel\Horizon\Http\Middleware\Authenticate]
GET|HEAD   horizon/api/metrics/jobs/{id} [horizon,Laravel\Horizon\Http\Middleware\Authenticate]
GET|HEAD   horizon/api/metrics/queues [horizon,Laravel\Horizon\Http\Middleware\Authenticate]
GET|HEAD   horizon/api/metrics/queues/{id} [horizon,Laravel\Horizon\Http\Middleware\Authenticate]
GET|HEAD   horizon/api/batches [horizon,Laravel\Horizon\Http\Middleware\Authenticate]
GET|HEAD   horizon/api/batches/{id} [horizon,Laravel\Horizon\Http\Middleware\Authenticate]
POST       horizon/api/batches/retry/{id} [horizon,Laravel\Horizon\Http\Middleware\Authenticate]
GET|HEAD   horizon/api/jobs/pending [horizon,Laravel\Horizon\Http\Middleware\Authenticate]
GET|HEAD   horizon/api/jobs/completed [horizon,Laravel\Horizon\Http\Middleware\Authenticate]
GET|HEAD   horizon/api/jobs/silenced [horizon,Laravel\Horizon\Http\Middleware\Authenticate]
GET|HEAD   horizon/api/jobs/failed [horizon,Laravel\Horizon\Http\Middleware\Authenticate]
GET|HEAD   horizon/api/jobs/failed/{id} [horizon,Laravel\Horizon\Http\Middleware\Authenticate]
POST       horizon/api/jobs/retry/{id} [horizon,Laravel\Horizon\Http\Middleware\Authenticate]
GET|HEAD   horizon/api/jobs/{id} [horizon,Laravel\Horizon\Http\Middleware\Authenticate]
GET|HEAD   horizon/{view?} [horizon,Laravel\Horizon\Http\Middleware\Authenticate]
GET|HEAD   sanctum/csrf-cookie [web]
POST       api/heartbeat [api]
GET|HEAD   api/check-connection [api]
POST       api/webhooks/lemon-squeezy [api,lemon-squeezy.signature]
GET|HEAD   up []
GET|HEAD   features [web]
GET|HEAD   pricing [web]
GET|HEAD   about [web]
GET|HEAD   contact [web]
POST       contact [web]
GET|HEAD   blog [web]
GET|HEAD   blog/{slug} [web]
GET|HEAD   terms [web]
GET|HEAD   privacy [web]
POST       webhooks/lemon-squeezy [web]
GET|HEAD   demo [web]
POST       demo/login [web]
POST       demo/logout [web]
GET|HEAD   redeem [web]
POST       redeem [web]
GET|HEAD   VenQore [web,App\Http\Middleware\SuperAdminMiddleware]
GET|HEAD   VenQore/run-migrations [web,App\Http\Middleware\SuperAdminMiddleware]
GET|HEAD   VenQore/stores [web,App\Http\Middleware\SuperAdminMiddleware]
GET|HEAD   VenQore/users [web,App\Http\Middleware\SuperAdminMiddleware]
POST       VenQore/stores/{tenant}/suspend [web,App\Http\Middleware\SuperAdminMiddleware]
POST       VenQore/stores/{tenant}/activate [web,App\Http\Middleware\SuperAdminMiddleware]
POST       VenQore/stores/{tenant}/extend-trial [web,App\Http\Middleware\SuperAdminMiddleware]
POST       VenQore/stores/{id}/restore [web,App\Http\Middleware\SuperAdminMiddleware]
DELETE     VenQore/stores/{id}/purge [web,App\Http\Middleware\SuperAdminMiddleware]
POST       VenQore/users/{id}/restore [web,App\Http\Middleware\SuperAdminMiddleware]
DELETE     VenQore/users/{id}/purge [web,App\Http\Middleware\SuperAdminMiddleware]
GET|HEAD   VenQore/appsumo [web,App\Http\Middleware\SuperAdminMiddleware]
POST       VenQore/appsumo/generate [web,App\Http\Middleware\SuperAdminMiddleware]
POST       VenQore/appsumo/import [web,App\Http\Middleware\SuperAdminMiddleware]
GET|HEAD   VenQore/appsumo/export [web,App\Http\Middleware\SuperAdminMiddleware]
DELETE     VenQore/appsumo/purge [web,App\Http\Middleware\SuperAdminMiddleware]
GET|HEAD   VenQore/tickets [web,App\Http\Middleware\SuperAdminMiddleware]
GET|HEAD   VenQore/tickets/{ticket} [web,App\Http\Middleware\SuperAdminMiddleware]
POST       VenQore/tickets/{ticket}/reply [web,App\Http\Middleware\SuperAdminMiddleware]
POST       VenQore/tickets/{ticket}/status [web,App\Http\Middleware\SuperAdminMiddleware]
GET|HEAD   VenQore/webhooks [web,App\Http\Middleware\SuperAdminMiddleware]
POST       VenQore/stores/{tenant}/feature-flag [web,App\Http\Middleware\SuperAdminMiddleware]
GET|HEAD   VenQore/health/errors [web,App\Http\Middleware\SuperAdminMiddleware]
POST       VenQore/health/errors/resolve-all [web,App\Http\Middleware\SuperAdminMiddleware]
POST       VenQore/health/errors/detect-fixes [web,App\Http\Middleware\SuperAdminMiddleware]
POST       VenQore/health/errors/{error}/resolve [web,App\Http\Middleware\SuperAdminMiddleware]
GET|HEAD   VenQore/health/contacts [web,App\Http\Middleware\SuperAdminMiddleware]
POST       VenQore/health/contacts/{contact}/read [web,App\Http\Middleware\SuperAdminMiddleware]
POST       VenQore/impersonate/{user} [web,App\Http\Middleware\SuperAdminMiddleware]
POST       VenQore/impersonate/end [web,App\Http\Middleware\SuperAdminMiddleware]
POST       VenQore/security/set-passcode [web,App\Http\Middleware\SuperAdminMiddleware]
POST       VenQore/security/clear-passcode [web,App\Http\Middleware\SuperAdminMiddleware]
POST       VenQore/security/change-password [web,App\Http\Middleware\SuperAdminMiddleware]
POST       VenQore/admin/migration/analyze [web,App\Http\Middleware\SuperAdminMiddleware]
GET|HEAD   VenQore/debug-pos [web,App\Http\Middleware\SuperAdminMiddleware]
GET|HEAD   VenQore/fix-payments-db [web,App\Http\Middleware\SuperAdminMiddleware]
GET|HEAD   VenQore/repair-inventory-value [web,App\Http\Middleware\SuperAdminMiddleware]
GET|HEAD   / [web]
GET|HEAD   what-is-included [web]
GET|HEAD   refund-policy [web]
GET|HEAD   health [web]
GET|HEAD   storage/{path} []
GET|HEAD   installer [web]
GET|HEAD   api/installer/requirements [web,App\Http\Middleware\InstallerLock]
POST       api/installer/check-license [web,App\Http\Middleware\InstallerLock]
POST       api/installer/test-db [web,App\Http\Middleware\InstallerLock]
POST       api/installer/run [web,App\Http\Middleware\InstallerLock]
POST       api/installer/restart-server [web,App\Http\Middleware\InstallerLock]
GET|HEAD   api/installer/diagnose [web,App\Http\Middleware\InstallerLock]
GET|HEAD   refresh-csrf [web]
POST       api/report-error [web]
GET|HEAD   ping [web]
GET|HEAD|POST|PUT|PATCH|DELETE|OPTIONS stock-operations/{any} [web]
GET|HEAD|POST|PUT|PATCH|DELETE|OPTIONS stock-transfers/{any?} [web]
GET|HEAD|POST|PUT|PATCH|DELETE|OPTIONS stock-audit/{any?} [web]
GET|HEAD|POST|PUT|PATCH|DELETE|OPTIONS batches [web]
GET|HEAD|POST|PUT|PATCH|DELETE|OPTIONS serials [web]
GET|HEAD|POST|PUT|PATCH|DELETE|OPTIONS reports/{any} [web]
POST       woocommerce/webhook [web]
GET|HEAD   auth/google [web]
GET|HEAD   auth/google/callback [web]
GET|HEAD   register [web,guest]
POST       register [web,guest]
GET|HEAD   login [web,guest]
POST       login [web,guest]
POST       login/passcode [web,guest]
GET|HEAD   forgot-password [web,guest]
POST       forgot-password [web,guest]
GET|HEAD   reset-password/{token} [web,guest]
POST       reset-password [web,guest]
GET|HEAD   VenQore-login [web]
POST       VenQore-login [web]
POST       VenQore-login/pin [web]
GET|HEAD   api/app-version [web]
GET|HEAD   rescue-cache [web]
GET|HEAD   patch-system [web]
GET|HEAD   fix-timestamps [web]
GET|HEAD   debug-inventory [web]
GET|HEAD   fix-batch-inventory [web]
GET|HEAD   fix-inventory [web]
GET|HEAD   {fallbackPlaceholder} [web]
